BL51 BANKED LINKER/LOCATER V6.22                                                        12/24/2014  16:24:07  PAGE 1


BL51 BANKED LINKER/LOCATER V6.22, INVOKED BY:
D:\KEIL UVISION C51\C51\BIN\BL51.EXE STARTUP.obj, test.obj TO test RAMSIZE (256)


MEMORY MODEL: SMALL


INPUT MODULES INCLUDED:
  STARTUP.obj (?C_STARTUP)
  test.obj (TEST)
  D:\KEIL UVISION C51\C51\LIB\C51S.LIB (?C_INIT)


LINK MAP OF MODULE:  test (?C_STARTUP)


            TYPE    BASE      LENGTH    RELOCATION   SEGMENT NAME
            -----------------------------------------------------

            * * * * * * *   D A T A   M E M O R Y   * * * * * * *
            REG     0000H     0008H     ABSOLUTE     "REG BANK 0"
            DATA    0008H     0003H     UNIT         ?DT?TEST
            IDATA   000BH     0001H     UNIT         ?STACK

            * * * * * * *   C O D E   M E M O R Y   * * * * * * *
            CODE    0000H     0003H     ABSOLUTE     
            CODE    0003H     0008H     UNIT         ?C_INITSEG
            CODE    000BH     0003H     ABSOLUTE     
            CODE    000EH     008CH     UNIT         ?C_C51STARTUP
            CODE    009AH     0031H     UNIT         ?PR?INTERRUPTTIMER0?TEST
            CODE    00CBH     0016H     UNIT         ?PR?CONFIGURE?TEST
            CODE    00E1H     000DH     UNIT         ?PR?MAIN?TEST
            CODE    00EEH     000AH     UNIT         ?CO?TEST



OVERLAY MAP OF MODULE:   test (?C_STARTUP)


SEGMENT
  +--> CALLED SEGMENT
---------------------
?C_C51STARTUP
  +--> ?PR?MAIN?TEST
  +--> ?C_INITSEG

?PR?MAIN?TEST
  +--> ?PR?CONFIGURE?TEST
  +--> ?CO?TEST



SYMBOL TABLE OF MODULE:  test (?C_STARTUP)

  VALUE           TYPE          NAME
  ----------------------------------

  -------         MODULE        ?C_STARTUP
BL51 BANKED LINKER/LOCATER V6.22                                                      12/24/2014  16:24:07  PAGE 2


  C:000EH         SEGMENT       ?C_C51STARTUP
  I:000BH         SEGMENT       ?STACK
  C:0000H         PUBLIC        ?C_STARTUP
  D:00E0H         SYMBOL        ACC
  D:00F0H         SYMBOL        B
  D:0083H         SYMBOL        DPH
  D:0082H         SYMBOL        DPL
  N:0000H         SYMBOL        IBPSTACK
  N:0100H         SYMBOL        IBPSTACKTOP
  N:0080H         SYMBOL        IDATALEN
  C:0011H         SYMBOL        IDATALOOP
  N:0000H         SYMBOL        PBPSTACK
  N:0100H         SYMBOL        PBPSTACKTOP
  N:0000H         SYMBOL        PDATALEN
  N:0000H         SYMBOL        PDATASTART
  N:0000H         SYMBOL        PPAGE
  N:0000H         SYMBOL        PPAGEENABLE
  D:00A0H         SYMBOL        PPAGE_SFR
  D:0081H         SYMBOL        SP
  C:000EH         SYMBOL        STARTUP1
  N:0000H         SYMBOL        XBPSTACK
  N:0000H         SYMBOL        XBPSTACKTOP
  N:0000H         SYMBOL        XDATALEN
  N:0000H         SYMBOL        XDATASTART
  C:0000H         LINE#         126
  C:000EH         LINE#         133
  C:0010H         LINE#         134
  C:0011H         LINE#         135
  C:0012H         LINE#         136
  C:0014H         LINE#         185
  C:0017H         LINE#         196
  -------         ENDMOD        ?C_STARTUP

  -------         MODULE        TEST
  C:0000H         SYMBOL        _ICE_DUMMY_
  D:0080H         PUBLIC        P0
  D:0090H         PUBLIC        P1
  D:00B0H         PUBLIC        P3
  B:00A8H.7       PUBLIC        EA
  C:009AH         PUBLIC        InterruptTimer0
  D:00A8H         PUBLIC        IE
  C:00EEH         PUBLIC        LedChar
  D:00B8H         PUBLIC        IP
  C:00E1H         PUBLIC        main
  D:0098H         PUBLIC        SCON
  D:0089H         PUBLIC        TMOD
  D:0088H         PUBLIC        TCON
  C:00CBH         PUBLIC        configure
  B:00A8H.1       PUBLIC        ET0
  D:008CH         PUBLIC        TH0
  D:008AH         PUBLIC        TL0
  B:0088H.4       PUBLIC        TR0
  D:00C8H         PUBLIC        T2CON
  D:0008H         PUBLIC        i
  D:000AH         PUBLIC        j
  B:0090H.3       PUBLIC        ENLED
  D:00D0H         PUBLIC        PSW
BL51 BANKED LINKER/LOCATER V6.22                                                      12/24/2014  16:24:07  PAGE 3


  -------         PROC          MAIN
  C:00E1H         LINE#         13
  C:00E1H         LINE#         14
  C:00E1H         LINE#         15
  C:00E4H         LINE#         18
  C:00E4H         LINE#         19
  C:00E4H         LINE#         20
  C:00ECH         LINE#         21
  -------         ENDPROC       MAIN
  -------         PROC          CONFIGURE
  C:00CBH         LINE#         24
  C:00CBH         LINE#         25
  C:00CBH         LINE#         26
  C:00CDH         LINE#         27
  C:00CFH         LINE#         28
  C:00D2H         LINE#         29
  C:00D4H         LINE#         30
  C:00D6H         LINE#         31
  C:00D9H         LINE#         32
  C:00DCH         LINE#         33
  C:00DEH         LINE#         34
  C:00E0H         LINE#         35
  -------         ENDPROC       CONFIGURE
  -------         PROC          INTERRUPTTIMER0
  C:009AH         LINE#         37
  C:009EH         LINE#         39
  C:00A1H         LINE#         40
  C:00A4H         LINE#         41
  C:00ACH         LINE#         42
  C:00B5H         LINE#         43
  C:00B5H         LINE#         44
  C:00BBH         LINE#         45
  C:00BDH         LINE#         46
  C:00C3H         LINE#         47
  C:00C3H         LINE#         48
  C:00C6H         LINE#         49
  C:00C6H         LINE#         50
  C:00C6H         LINE#         52
  -------         ENDPROC       INTERRUPTTIMER0
  -------         ENDMOD        TEST

Program Size: data=12.0 xdata=0 code=248
LINK/LOCATE RUN COMPLETE.  0 WARNING(S),  0 ERROR(S)
